      "BiNGo!"

El fino.

      FOO
        BAR
    BAZ
